Analyzing suraksha_kavach...                                    

  error - Target of URI doesn't exist: '../../sms_detection/providers/sms_stream_provider.dart' - lib\features\dashboard\presentation\screens\dashboard_screen.dart:5:8 - uri_does_not_exist
  error - Target of URI doesn't exist: '../../history/providers/sms_history_provider.dart' - lib\features\dashboard\presentation\screens\dashboard_screen.dart:6:8 - uri_does_not_exist
  error - The name 'SmsStreamProvider' isn't a type, so it can't be used as a type argument - lib\features\dashboard\presentation\screens\dashboard_screen.dart:15:22 - non_type_as_type_argument
  error - The name 'SmsStreamProvider' isn't a type, so it can't be used as a type argument - lib\features\dashboard\presentation\screens\dashboard_screen.dart:32:39 - non_type_as_type_argument
  error - The name 'SmsHistoryProvider' isn't a type, so it can't be used as a type argument - lib\features\dashboard\presentation\screens\dashboard_screen.dart:33:43 - non_type_as_type_argument
  error - Undefined class 'SmsStreamProvider' - lib\features\dashboard\presentation\screens\dashboard_screen.dart:174:47 - undefined_class

